<html>
<body>
<pre>
<h1>µVision Build Log</h1>
<h2>Project:</h2>
C:\Users\tgqss\Desktop\STM\Project\stm32f4xx_project_template.uvproj
Project File Date:  06/29/2017

<h2>Output:</h2>
Load "C:\\Users\\tgqss\\Desktop\\STM\\Project\\stm32f4xx_project_template.axf" 
_____^
*** error 56: cannot open file
Build target 'STM32F4xxTemplate'
assembling startup_stm32f40xx.s...
linking...
.\stm32f4xx_project_template.axf: Warning: L6665W: Neither Lib$$Request$$armlib Lib$$Request$$cpplib defined, not searching ARM libraries.
.\stm32f4xx_project_template.axf: Error: L6411E: No compatible library exists with a definition of startup symbol __main.
".\stm32f4xx_project_template.axf" - 1 Errors, 1 Warning(s).
Target not created
Build target 'STM32F4xxTemplate'
assembling startup_stm32f40xx.s...
linking...
.\stm32f4xx_project_template.axf: Warning: L6665W: Neither Lib$$Request$$armlib Lib$$Request$$cpplib defined, not searching ARM libraries.
.\stm32f4xx_project_template.axf: Error: L6411E: No compatible library exists with a definition of startup symbol __main.
".\stm32f4xx_project_template.axf" - 1 Errors, 1 Warning(s).
Target not created
Build target 'STM32F4xxTemplate'
compiling main.c...
..\User\main.c(6): warning:  #1-D: last line of file ends without a newline
linking...
.\stm32f4xx_project_template.axf: Error: L6218E: Undefined symbol SystemInit (referred from startup_stm32f40xx.o).
".\stm32f4xx_project_template.axf" - 1 Errors, 1 Warning(s).
Target not created
compiling main.c...
"..\User\main.c" - 0 Errors, 0 Warning(s).
compiling main.c...
"..\User\main.c" - 0 Errors, 0 Warning(s).
Build target 'STM32F4xxTemplate'
compiling system_stm32f4xx.c...
linking...
Program Size: Code=876 RO-data=424 RW-data=20 ZI-data=1636  
".\stm32f4xx_project_template.axf" - 0 Errors, 0 Warning(s).
Build target 'STM32F4xxTemplate'
compiling system_stm32f4xx.c...
linking...
Program Size: Code=876 RO-data=424 RW-data=20 ZI-data=1636  
".\stm32f4xx_project_template.axf" - 0 Errors, 0 Warning(s).
Build target 'STM32F4xxTemplate'
linking...
Program Size: Code=876 RO-data=424 RW-data=20 ZI-data=1636  
".\stm32f4xx_project_template.axf" - 0 Errors, 0 Warning(s).
Build target 'STM32F4xxTemplate'
compiling misc.c...
..\Libraries\STM32F4xx_StdPeriph_Driver\src\misc.c(76): error:  #5: cannot open source input file "misc.h": No such file or directory
compiling stm32f4xx_rcc.c...
..\Libraries\STM32F4xx_StdPeriph_Driver\src\stm32f4xx_rcc.c(59): error:  #5: cannot open source input file "stm32f4xx_rcc.h": No such file or directory
compiling stm32f4xx_gpio.c...
..\Libraries\STM32F4xx_StdPeriph_Driver\src\stm32f4xx_gpio.c(84): error:  #5: cannot open source input file "stm32f4xx_gpio.h": No such file or directory
".\stm32f4xx_project_template.axf" - 3 Errors, 0 Warning(s).
Target not created
Build target 'STM32F4xxTemplate'
compiling system_stm32f4xx.c...
compiling misc.c...
..\Libraries\STM32F4xx_StdPeriph_Driver\src\misc.c(121): warning:  #223-D: function "assert_param" declared implicitly
..\Libraries\STM32F4xx_StdPeriph_Driver\src\misc.c(141): warning:  #223-D: function "assert_param" declared implicitly
..\Libraries\STM32F4xx_StdPeriph_Driver\src\misc.c(183): warning:  #223-D: function "assert_param" declared implicitly
..\Libraries\STM32F4xx_StdPeriph_Driver\src\misc.c(202): warning:  #223-D: function "assert_param" declared implicitly
..\Libraries\STM32F4xx_StdPeriph_Driver\src\misc.c(226): warning:  #223-D: function "assert_param" declared implicitly
compiling stm32f4xx_rcc.c...
..\Libraries\STM32F4xx_StdPeriph_Driver\src\stm32f4xx_rcc.c(287): warning:  #223-D: function "assert_param" declared implicitly
..\Libraries\STM32F4xx_StdPeriph_Driver\src\stm32f4xx_rcc.c(343): warning:  #223-D: function "assert_param" declared implicitly
..\Libraries\STM32F4xx_StdPeriph_Driver\src\stm32f4xx_rcc.c(378): warning:  #223-D: function "assert_param" declared implicitly
..\Libraries\STM32F4xx_StdPeriph_Driver\src\stm32f4xx_rcc.c(403): warning:  #223-D: function "assert_param" declared implicitly
..\Libraries\STM32F4xx_StdPeriph_Driver\src\stm32f4xx_rcc.c(443): warning:  #223-D: function "assert_param" declared implicitly
..\Libraries\STM32F4xx_StdPeriph_Driver\src\stm32f4xx_rcc.c(542): warning:  #223-D: function "assert_param" declared implicitly
..\Libraries\STM32F4xx_StdPeriph_Driver\src\stm32f4xx_rcc.c(566): warning:  #223-D: function "assert_param" declared implicitly
..\Libraries\STM32F4xx_StdPeriph_Driver\src\stm32f4xx_rcc.c(596): warning:  #223-D: function "assert_param" declared implicitly
..\Libraries\STM32F4xx_StdPeriph_Driver\src\stm32f4xx_rcc.c(735): warning:  #223-D: function "assert_param" declared implicitly
..\Libraries\STM32F4xx_StdPeriph_Driver\src\stm32f4xx_rcc.c(844): warning:  #223-D: function "assert_param" declared implicitly
..\Libraries\STM32F4xx_StdPeriph_Driver\src\stm32f4xx_rcc.c(864): warning:  #223-D: function "assert_param" declared implicitly
..\Libraries\STM32F4xx_StdPeriph_Driver\src\stm32f4xx_rcc.c(882): warning:  #223-D: function "assert_param" declared implicitly
..\Libraries\STM32F4xx_StdPeriph_Driver\src\stm32f4xx_rcc.c(909): warning:  #223-D: function "assert_param" declared implicitly
..\Libraries\STM32F4xx_StdPeriph_Driver\src\stm32f4xx_rcc.c(954): warning:  #223-D: function "assert_param" declared implicitly
..\Libraries\STM32F4xx_StdPeriph_Driver\src\stm32f4xx_rcc.c(1154): warning:  #223-D: function "assert_param" declared implicitly
..\Libraries\STM32F4xx_StdPeriph_Driver\src\stm32f4xx_rcc.c(1208): warning:  #223-D: function "assert_param" declared implicitly
..\Libraries\STM32F4xx_StdPeriph_Driver\src\stm32f4xx_rcc.c(1239): warning:  #223-D: function "assert_param" declared implicitly
..\Libraries\STM32F4xx_StdPeriph_Driver\src\stm32f4xx_rcc.c(1270): warning:  #223-D: function "assert_param" declared implicitly
..\Libraries\STM32F4xx_StdPeriph_Driver\src\stm32f4xx_rcc.c(1475): warning:  #223-D: function "assert_param" declared implicitly
..\Libraries\STM32F4xx_StdPeriph_Driver\src\stm32f4xx_rcc.c(1505): warning:  #223-D: function "assert_param" declared implicitly
..\Libraries\STM32F4xx_StdPeriph_Driver\src\stm32f4xx_rcc.c(1522): warning:  #223-D: function "assert_param" declared implicitly
..\Libraries\STM32F4xx_StdPeriph_Driver\src\stm32f4xx_rcc.c(1710): warning:  #223-D: function "assert_param" declared implicitly
..\Libraries\STM32F4xx_StdPeriph_Driver\src\stm32f4xx_rcc.c(1739): warning:  #223-D: function "assert_param" declared implicitly
..\Libraries\STM32F4xx_StdPeriph_Driver\src\stm32f4xx_rcc.c(1775): warning:  #223-D: function "assert_param" declared implicitly
..\Libraries\STM32F4xx_StdPeriph_Driver\src\stm32f4xx_rcc.c(1808): warning:  #223-D: function "assert_param" declared implicitly
..\Libraries\STM32F4xx_StdPeriph_Driver\src\stm32f4xx_rcc.c(1840): warning:  #223-D: function "assert_param" declared implicitly
..\Libraries\STM32F4xx_StdPeriph_Driver\src\stm32f4xx_rcc.c(1939): warning:  #223-D: function "assert_param" declared implicitly
..\Libraries\STM32F4xx_StdPeriph_Driver\src\stm32f4xx_rcc.c(2065): warning:  #223-D: function "assert_param" declared implicitly
..\Libraries\STM32F4xx_StdPeriph_Driver\src\stm32f4xx_rcc.c(2107): warning:  #223-D: function "assert_param" declared implicitly
..\Libraries\STM32F4xx_StdPeriph_Driver\src\stm32f4xx_rcc.c(2139): warning:  #223-D: function "assert_param" declared implicitly
..\Libraries\STM32F4xx_StdPeriph_Driver\src\stm32f4xx_rcc.c(2169): warning:  #223-D: function "assert_param" declared implicitly
..\Libraries\STM32F4xx_StdPeriph_Driver\src\stm32f4xx_rcc.c(2226): warning:  #223-D: function "assert_param" declared implicitly
..\Libraries\STM32F4xx_StdPeriph_Driver\src\stm32f4xx_rcc.c(2278): warning:  #223-D: function "assert_param" declared implicitly
..\Libraries\STM32F4xx_StdPeriph_Driver\src\stm32f4xx_rcc.c(2320): warning:  #223-D: function "assert_param" declared implicitly
..\Libraries\STM32F4xx_StdPeriph_Driver\src\stm32f4xx_rcc.c(2349): warning:  #223-D: function "assert_param" declared implicitly
..\Libraries\STM32F4xx_StdPeriph_Driver\src\stm32f4xx_rcc.c(2376): warning:  #223-D: function "assert_param" declared implicitly
..\Libraries\STM32F4xx_StdPeriph_Driver\src\stm32f4xx_rcc.c(2430): warning:  #223-D: function "assert_param" declared implicitly
..\Libraries\STM32F4xx_StdPeriph_Driver\src\stm32f4xx_rcc.c(2477): warning:  #223-D: function "assert_param" declared implicitly
..\Libraries\STM32F4xx_StdPeriph_Driver\src\stm32f4xx_rcc.c(2526): warning:  #223-D: function "assert_param" declared implicitly
..\Libraries\STM32F4xx_StdPeriph_Driver\src\stm32f4xx_rcc.c(2558): warning:  #223-D: function "assert_param" declared implicitly
..\Libraries\STM32F4xx_StdPeriph_Driver\src\stm32f4xx_rcc.c(2588): warning:  #223-D: function "assert_param" declared implicitly
..\Libraries\STM32F4xx_StdPeriph_Driver\src\stm32f4xx_rcc.c(2645): warning:  #223-D: function "assert_param" declared implicitly
..\Libraries\STM32F4xx_StdPeriph_Driver\src\stm32f4xx_rcc.c(2697): warning:  #223-D: function "assert_param" declared implicitly
..\Libraries\STM32F4xx_StdPeriph_Driver\src\stm32f4xx_rcc.c(2721): warning:  #223-D: function "assert_param" declared implicitly
..\Libraries\STM32F4xx_StdPeriph_Driver\src\stm32f4xx_rcc.c(3033): warning:  #223-D: function "assert_param" declared implicitly
..\Libraries\STM32F4xx_StdPeriph_Driver\src\stm32f4xx_rcc.c(3074): warning:  #223-D: function "assert_param" declared implicitly
..\Libraries\STM32F4xx_StdPeriph_Driver\src\stm32f4xx_rcc.c(3137): warning:  #223-D: function "assert_param" declared implicitly
..\Libraries\STM32F4xx_StdPeriph_Driver\src\stm32f4xx_rcc.c(3169): warning:  #223-D: function "assert_param" declared implicitly
compiling stm32f4xx_gpio.c...
..\Libraries\STM32F4xx_StdPeriph_Driver\src\stm32f4xx_gpio.c(130): warning:  #223-D: function "assert_param" declared implicitly
..\Libraries\STM32F4xx_StdPeriph_Driver\src\stm32f4xx_gpio.c(207): warning:  #223-D: function "assert_param" declared implicitly
..\Libraries\STM32F4xx_StdPeriph_Driver\src\stm32f4xx_gpio.c(282): warning:  #223-D: function "assert_param" declared implicitly
..\Libraries\STM32F4xx_StdPeriph_Driver\src\stm32f4xx_gpio.c(328): warning:  #223-D: function "assert_param" declared implicitly
..\Libraries\STM32F4xx_StdPeriph_Driver\src\stm32f4xx_gpio.c(352): warning:  #223-D: function "assert_param" declared implicitly
..\Libraries\STM32F4xx_StdPeriph_Driver\src\stm32f4xx_gpio.c(371): warning:  #223-D: function "assert_param" declared implicitly
..\Libraries\STM32F4xx_StdPeriph_Driver\src\stm32f4xx_gpio.c(395): warning:  #223-D: function "assert_param" declared implicitly
..\Libraries\STM32F4xx_StdPeriph_Driver\src\stm32f4xx_gpio.c(415): warning:  #223-D: function "assert_param" declared implicitly
..\Libraries\STM32F4xx_StdPeriph_Driver\src\stm32f4xx_gpio.c(436): warning:  #223-D: function "assert_param" declared implicitly
..\Libraries\STM32F4xx_StdPeriph_Driver\src\stm32f4xx_gpio.c(458): warning:  #223-D: function "assert_param" declared implicitly
..\Libraries\STM32F4xx_StdPeriph_Driver\src\stm32f4xx_gpio.c(483): warning:  #223-D: function "assert_param" declared implicitly
..\Libraries\STM32F4xx_StdPeriph_Driver\src\stm32f4xx_gpio.c(499): warning:  #223-D: function "assert_param" declared implicitly
..\Libraries\STM32F4xx_StdPeriph_Driver\src\stm32f4xx_gpio.c(585): warning:  #223-D: function "assert_param" declared implicitly
compiling main.c...
linking...
.\stm32f4xx_project_template.axf: Error: L6218E: Undefined symbol assert_param (referred from misc.o).
".\stm32f4xx_project_template.axf" - 1 Errors, 66 Warning(s).
Target not created
Build target 'STM32F4xxTemplate'
compiling system_stm32f4xx.c...
..\Libraries\CMSIS\Device\ST\STM32F4xx\Include\stm32f4xx.h(108): warning:  #47-D: incompatible redefinition of macro "STM32F40_41xxx"
..\Libraries\CMSIS\Device\ST\STM32F4xx\Include\stm32f4xx.h(12027): error:  #5: cannot open source input file "stm32f4xx_conf.h": No such file or directory
compiling misc.c...
..\Libraries\CMSIS\Device\ST\STM32F4xx\Include\stm32f4xx.h(108): warning:  #47-D: incompatible redefinition of macro "STM32F40_41xxx"
..\Libraries\CMSIS\Device\ST\STM32F4xx\Include\stm32f4xx.h(12027): error:  #5: cannot open source input file "stm32f4xx_conf.h": No such file or directory
compiling stm32f4xx_rcc.c...
..\Libraries\CMSIS\Device\ST\STM32F4xx\Include\stm32f4xx.h(108): warning:  #47-D: incompatible redefinition of macro "STM32F40_41xxx"
..\Libraries\CMSIS\Device\ST\STM32F4xx\Include\stm32f4xx.h(12027): error:  #5: cannot open source input file "stm32f4xx_conf.h": No such file or directory
compiling stm32f4xx_gpio.c...
..\Libraries\CMSIS\Device\ST\STM32F4xx\Include\stm32f4xx.h(108): warning:  #47-D: incompatible redefinition of macro "STM32F40_41xxx"
..\Libraries\CMSIS\Device\ST\STM32F4xx\Include\stm32f4xx.h(12027): error:  #5: cannot open source input file "stm32f4xx_conf.h": No such file or directory
compiling main.c...
..\Libraries\CMSIS\Device\ST\STM32F4xx\Include\stm32f4xx.h(108): warning:  #47-D: incompatible redefinition of macro "STM32F40_41xxx"
..\Libraries\CMSIS\Device\ST\STM32F4xx\Include\stm32f4xx.h(12027): error:  #5: cannot open source input file "stm32f4xx_conf.h": No such file or directory
".\stm32f4xx_project_template.axf" - 5 Errors, 5 Warning(s).
Target not created
Build target 'STM32F4xxTemplate'
compiling system_stm32f4xx.c...
..\Libraries\CMSIS\Device\ST\STM32F4xx\Include\stm32f4xx.h(108): warning:  #47-D: incompatible redefinition of macro "STM32F40_41xxx"
..\Libraries\CMSIS\Device\ST\STM32F4xx\Include\stm32f4xx.h(12027): error:  #5: cannot open source input file "stm32f4xx_conf.h": No such file or directory
compiling misc.c...
..\Libraries\CMSIS\Device\ST\STM32F4xx\Include\stm32f4xx.h(108): warning:  #47-D: incompatible redefinition of macro "STM32F40_41xxx"
..\Libraries\CMSIS\Device\ST\STM32F4xx\Include\stm32f4xx.h(12027): error:  #5: cannot open source input file "stm32f4xx_conf.h": No such file or directory
compiling stm32f4xx_rcc.c...
..\Libraries\CMSIS\Device\ST\STM32F4xx\Include\stm32f4xx.h(108): warning:  #47-D: incompatible redefinition of macro "STM32F40_41xxx"
..\Libraries\CMSIS\Device\ST\STM32F4xx\Include\stm32f4xx.h(12027): error:  #5: cannot open source input file "stm32f4xx_conf.h": No such file or directory
compiling stm32f4xx_gpio.c...
..\Libraries\CMSIS\Device\ST\STM32F4xx\Include\stm32f4xx.h(108): warning:  #47-D: incompatible redefinition of macro "STM32F40_41xxx"
..\Libraries\CMSIS\Device\ST\STM32F4xx\Include\stm32f4xx.h(12027): error:  #5: cannot open source input file "stm32f4xx_conf.h": No such file or directory
compiling main.c...
..\Libraries\CMSIS\Device\ST\STM32F4xx\Include\stm32f4xx.h(108): warning:  #47-D: incompatible redefinition of macro "STM32F40_41xxx"
..\Libraries\CMSIS\Device\ST\STM32F4xx\Include\stm32f4xx.h(12027): error:  #5: cannot open source input file "stm32f4xx_conf.h": No such file or directory
".\stm32f4xx_project_template.axf" - 5 Errors, 5 Warning(s).
Target not created
Build target 'STM32F4xxTemplate'
compiling system_stm32f4xx.c...
..\Libraries\CMSIS\Device\ST\STM32F4xx\Include\stm32f4xx.h(108): warning:  #47-D: incompatible redefinition of macro "STM32F40_41xxx"
compiling misc.c...
..\Libraries\CMSIS\Device\ST\STM32F4xx\Include\stm32f4xx.h(108): warning:  #47-D: incompatible redefinition of macro "STM32F40_41xxx"
compiling stm32f4xx_rcc.c...
..\Libraries\CMSIS\Device\ST\STM32F4xx\Include\stm32f4xx.h(108): warning:  #47-D: incompatible redefinition of macro "STM32F40_41xxx"
compiling stm32f4xx_gpio.c...
..\Libraries\CMSIS\Device\ST\STM32F4xx\Include\stm32f4xx.h(108): warning:  #47-D: incompatible redefinition of macro "STM32F40_41xxx"
compiling main.c...
..\Libraries\CMSIS\Device\ST\STM32F4xx\Include\stm32f4xx.h(108): warning:  #47-D: incompatible redefinition of macro "STM32F40_41xxx"
linking...
Program Size: Code=876 RO-data=424 RW-data=20 ZI-data=1636  
".\stm32f4xx_project_template.axf" - 0 Errors, 5 Warning(s).
Build target 'STM32F4xxTemplate'
compiling system_stm32f4xx.c...
compiling misc.c...
compiling stm32f4xx_rcc.c...
compiling stm32f4xx_gpio.c...
compiling main.c...
linking...
Program Size: Code=876 RO-data=424 RW-data=20 ZI-data=1636  
".\stm32f4xx_project_template.axf" - 0 Errors, 0 Warning(s).
Build target 'STM32F4xxTemplate'
linking...
Program Size: Code=876 RO-data=424 RW-data=20 ZI-data=1636  
".\stm32f4xx_project_template.axf" - 0 Errors, 0 Warning(s).
Build target 'STM32F4xxTemplate'
linking...
Program Size: Code=876 RO-data=424 RW-data=20 ZI-data=1636  
".\stm32f4xx_project_template.axf" - 0 Errors, 0 Warning(s).
Rebuild target 'STM32F4xxTemplate'
assembling startup_stm32f40xx.s...
compiling system_stm32f4xx.c...
compiling misc.c...
compiling stm32f4xx_rcc.c...
compiling stm32f4xx_gpio.c...
compiling main.c...
linking...
Program Size: Code=876 RO-data=424 RW-data=20 ZI-data=1636  
".\stm32f4xx_project_template.axf" - 0 Errors, 0 Warning(s).
Build target 'STM32F4xxTemplate'
compiling system_stm32f4xx.c...
compiling misc.c...
compiling stm32f4xx_rcc.c...
compiling stm32f4xx_gpio.c...
compiling main.c...
linking...
Program Size: Code=876 RO-data=424 RW-data=20 ZI-data=1636  
".\stm32f4xx_project_template.axf" - 0 Errors, 0 Warning(s).
Load "C:\\Users\\tgqss\\Desktop\\STM\\Project\\stm32f4xx_project_template.axf" 
Erase Done.
Programming Done.
Verify OK.
Application running ...
Build target 'STM32F4xxTemplate'
assembling startup_stm32f40xx.s...
compiling system_stm32f4xx.c...
compiling misc.c...
compiling stm32f4xx_rcc.c...
compiling stm32f4xx_gpio.c...
compiling main.c...
linking...
Program Size: Code=876 RO-data=424 RW-data=20 ZI-data=1636  
"..\Output\stm32f4xx_project_template.axf" - 0 Errors, 0 Warning(s).
Rebuild target 'STM32F4xxTemplate'
assembling startup_stm32f40xx.s...
compiling system_stm32f4xx.c...
compiling misc.c...
compiling stm32f4xx_rcc.c...
compiling stm32f4xx_gpio.c...
compiling main.c...
linking...
Program Size: Code=876 RO-data=424 RW-data=20 ZI-data=1636  
"..\Output\stm32f4xx_project_template.axf" - 0 Errors, 0 Warning(s).
Rebuild target 'STM32F4xxTemplate'
assembling startup_stm32f40xx.s...
compiling system_stm32f4xx.c...
compiling misc.c...
compiling stm32f4xx_rcc.c...
compiling stm32f4xx_gpio.c...
compiling main.c...
linking...
Program Size: Code=876 RO-data=424 RW-data=20 ZI-data=1636  
"..\Output\stm32f4xx_project_template.axf" - 0 Errors, 0 Warning(s).
Build target 'STM32F4xxTemplate'
assembling startup_stm32f40xx.s...
compiling system_stm32f4xx.c...
compiling misc.c...
compiling stm32f4xx_rcc.c...
compiling stm32f4xx_gpio.c...
compiling main.c...
linking...
Program Size: Code=876 RO-data=424 RW-data=20 ZI-data=1636  
"..\Output\stm32f4xx_project_template.axf" - 0 Errors, 0 Warning(s).
Build target 'STM32F4xxTemplate'
linking...
Program Size: Code=876 RO-data=424 RW-data=20 ZI-data=1636  
"..\Output\stm32f4xx_project_template.axf" - 0 Errors, 0 Warning(s).
